#
# Testing the new patch to the Negotiator
#

Will test that the claims are reused only when appropriate.
Testing 
* same type
* concurrncy->no_concurrency 
* no_concurrency -> concurreny
* different concurrency

slot3 can only be used by b.condor
the other two should be properly reused

#
# Support files
#

[sfiligoi@rh-build-1 submit]$ cat a.condor 
universe=vanilla
executable=a.sh
+MyAttrA="abc"
requirements=(YourAttrA=?=UNDEFINED)||(YourAttrA=!=MyAttrA)
concurrency_limits=LT
queue 5
[sfiligoi@rh-build-1 submit]$ cat b.condor 
universe=vanilla
executable=a.sh
+MyAttrB="abc"
requirements=(SlotID==1)&&((YourAttrB=?=UNDEFINED)||(YourAttrB=!=MyAttrB))
concurrency_limits=LT:2
queue 5
[sfiligoi@rh-build-1 submit]$ cat c.condor 
universe=vanilla
executable=a.sh
+MyAttrA="abc"
requirements=(YourAttrA=?=UNDEFINED)||(YourAttrA=!=MyAttrA)
queue 5

#
# Changes to the condor_config
#
[sfiligoi@rh-build-1 local]$ tail condor_config.local 
ALL_DEBUG = D_FULLDEBUG

START = ifthenelse(SlotId==3,MyAttrB=!="xzy",True)
NUM_CPUS=3
LT_LIMIT=2
#ENABLE_EXPLICT_MATCH_REQUIREMENTS=true

#
# Actual test
# 

Default
=========
[sfiligoi@rh-build-1 submit]$ condor_submit a.condor 
Submitting job(s).....
5 job(s) submitted to cluster 86.
[sfiligoi@rh-build-1 submit]$ condor_submit b.condor 
Submitting job(s).....
5 job(s) submitted to cluster 87.
[sfiligoi@rh-build-1 submit]$ condor_submit c.condor 
Submitting job(s).....
5 job(s) submitted to cluster 88.
[sfiligoi@rh-build-1 submit]$ condor_submit a.condor 
Submitting job(s).....
5 job(s) submitted to cluster 89.

[sfiligoi@rh-build-1 log]$ grep '_condor' NegotiatorLog
<empty>

[sfiligoi@rh-build-1 log]$ grep "Matched " NegotiatorLog 
07/10/13 14:13:26       Matched 86.0 sfiligoi@local <192.168.56.31:54069> preempting none <192.168.56.31:40510> slot1@rh-build-1.local
07/10/13 14:13:26       Matched 86.1 sfiligoi@local <192.168.56.31:54069> preempting none <192.168.56.31:40510> slot2@rh-build-1.local
07/10/13 14:13:47       Matched 88.0 sfiligoi@local <192.168.56.31:54069> preempting none <192.168.56.31:40510> slot3@rh-build-1.local
07/10/13 14:16:48       Matched 87.0 sfiligoi@local <192.168.56.31:54069> preempting none <192.168.56.31:40510> slot1@rh-build-1.local

[sfiligoi@rh-build-1 log]$ grep slot SchedLog |grep -e switching -e relinq 
07/10/13 14:13:57 (pid:7985) match (slot2@rh-build-1.local <192.168.56.31:40510>#1373490778#2#... for sfiligoi) switching to job 86.2
07/10/13 14:13:57 (pid:7985) match (slot1@rh-build-1.local <192.168.56.31:40510>#1373490778#1#... for sfiligoi) switching to job 86.3
07/10/13 14:14:18 (pid:7985) match (slot3@rh-build-1.local <192.168.56.31:40510>#1373490778#3#... for sfiligoi) switching to job 88.1
07/10/13 14:14:27 (pid:7985) match (slot1@rh-build-1.local <192.168.56.31:40510>#1373490778#1#... for sfiligoi) switching to job 86.4
07/10/13 14:14:27 (pid:7985) match (slot2@rh-build-1.local <192.168.56.31:40510>#1373490778#2#... for sfiligoi) switching to job 89.0
07/10/13 14:14:48 (pid:7985) match (slot3@rh-build-1.local <192.168.56.31:40510>#1373490778#3#... for sfiligoi) switching to job 88.2
07/10/13 14:14:57 (pid:7985) match (slot1@rh-build-1.local <192.168.56.31:40510>#1373490778#1#... for sfiligoi) switching to job 89.1
07/10/13 14:14:57 (pid:7985) match (slot2@rh-build-1.local <192.168.56.31:40510>#1373490778#2#... for sfiligoi) switching to job 89.2
07/10/13 14:15:18 (pid:7985) match (slot3@rh-build-1.local <192.168.56.31:40510>#1373490778#3#... for sfiligoi) switching to job 88.3
07/10/13 14:15:27 (pid:7985) match (slot1@rh-build-1.local <192.168.56.31:40510>#1373490778#1#... for sfiligoi) switching to job 89.3
07/10/13 14:15:27 (pid:7985) match (slot2@rh-build-1.local <192.168.56.31:40510>#1373490778#2#... for sfiligoi) switching to job 89.4
07/10/13 14:15:48 (pid:7985) match (slot3@rh-build-1.local <192.168.56.31:40510>#1373490778#3#... for sfiligoi) switching to job 88.4
07/10/13 14:15:57 (pid:7985) match (slot1@rh-build-1.local <192.168.56.31:40510>#1373490778#1#... for sfiligoi) out of jobs; relinquishing
07/10/13 14:15:57 (pid:7985) match (slot2@rh-build-1.local <192.168.56.31:40510>#1373490778#2#... for sfiligoi) out of jobs; relinquishing
07/10/13 14:16:18 (pid:7985) match (slot3@rh-build-1.local <192.168.56.31:40510>#1373490778#3#... for sfiligoi) out of jobs; relinquishing
07/10/13 14:17:18 (pid:7985) match (slot1@rh-build-1.local <192.168.56.31:40510>#1373490778#7#... for sfiligoi) switching to job 87.1
07/10/13 14:17:48 (pid:7985) match (slot1@rh-build-1.local <192.168.56.31:40510>#1373490778#7#... for sfiligoi) switching to job 87.2
07/10/13 14:18:18 (pid:7985) match (slot1@rh-build-1.local <192.168.56.31:40510>#1373490778#7#... for sfiligoi) switching to job 87.3
07/10/13 14:18:48 (pid:7985) match (slot1@rh-build-1.local <192.168.56.31:40510>#1373490778#7#... for sfiligoi) switching to job 87.4
07/10/13 14:19:18 (pid:7985) match (slot1@rh-build-1.local <192.168.56.31:40510>#1373490778#7#... for sfiligoi) out of jobs; relinquishing


Negotiator enabled
====================

[sfiligoi@rh-build-1 submit]$ condor_submit a.condor 
Submitting job(s).....
5 job(s) submitted to cluster 90.
[sfiligoi@rh-build-1 submit]$ condor_submit b.condor 
Submitting job(s).....
5 job(s) submitted to cluster 91.
[sfiligoi@rh-build-1 submit]$ condor_submit c.condor 
Submitting job(s).....
5 job(s) submitted to cluster 92.
[sfiligoi@rh-build-1 submit]$ condor_submit a.condor 
Submitting job(s).....
5 job(s) submitted to cluster 93.

[sfiligoi@rh-build-1 log]$ grep '_condor' NegotiatorLog
07/10/13 14:45:07 Renaming Requirements->_condor_match_requirements_machine
07/10/13 14:45:07 Redefining: Requirements=(MY._condor_match_requirements_claim) && (MY._condor_match_requirements_machine)
07/10/13 14:45:07 Inserting _condor_match_requirements_claim=(TARGET.Owner=?="sfiligoi") && (toLower(TARGET.ConcurrencyLimits)=?=MY.MatchedConcurrencyLimits)
07/10/13 14:45:07 Renaming Requirements->_condor_match_requirements_machine
07/10/13 14:45:07 Redefining: Requirements=(MY._condor_match_requirements_claim) && (MY._condor_match_requirements_machine)
07/10/13 14:45:07 Inserting _condor_match_requirements_claim=(TARGET.Owner=?="sfiligoi") && (toLower(TARGET.ConcurrencyLimits)=?=MY.MatchedConcurrencyLimits)
07/10/13 14:45:07 Renaming Requirements->_condor_match_requirements_machine
07/10/13 14:45:07 Redefining: Requirements=(MY._condor_match_requirements_claim) && (MY._condor_match_requirements_machine)
07/10/13 14:45:07 Inserting _condor_match_requirements_claim=(TARGET.Owner=?="sfiligoi") && (TARGET.ConcurrencyLimits=?=UNDEFINED)


[sfiligoi@rh-build-1 log]$ grep "Matched " NegotiatorLog 
07/10/13 14:45:07       Matched 90.0 sfiligoi@local <192.168.56.31:41828> preempting none <192.168.56.31:57932> slot1@rh-build-1.local
07/10/13 14:45:07       Matched 90.1 sfiligoi@local <192.168.56.31:41828> preempting none <192.168.56.31:57932> slot2@rh-build-1.local
07/10/13 14:45:07       Matched 92.0 sfiligoi@local <192.168.56.31:41828> preempting none <192.168.56.31:57932> slot3@rh-build-1.local
07/10/13 14:48:07       Matched 91.0 sfiligoi@local <192.168.56.31:41828> preempting none <192.168.56.31:57932> slot1@rh-build-1.local

[sfiligoi@rh-build-1 log]$ grep slot SchedLog |grep -e switching -e relinq 
07/10/13 14:45:38 (pid:8565) match (slot1@rh-build-1.local <192.168.56.31:57932>#1373492687#1#... for sfiligoi) switching to job 90.2
07/10/13 14:45:38 (pid:8565) match (slot3@rh-build-1.local <192.168.56.31:57932>#1373492687#3#... for sfiligoi) switching to job 92.1
07/10/13 14:45:38 (pid:8565) match (slot2@rh-build-1.local <192.168.56.31:57932>#1373492687#2#... for sfiligoi) switching to job 90.3
07/10/13 14:46:08 (pid:8565) match (slot1@rh-build-1.local <192.168.56.31:57932>#1373492687#1#... for sfiligoi) switching to job 90.4
07/10/13 14:46:08 (pid:8565) match (slot3@rh-build-1.local <192.168.56.31:57932>#1373492687#3#... for sfiligoi) switching to job 92.2
07/10/13 14:46:08 (pid:8565) match (slot2@rh-build-1.local <192.168.56.31:57932>#1373492687#2#... for sfiligoi) switching to job 93.0
07/10/13 14:46:38 (pid:8565) match (slot1@rh-build-1.local <192.168.56.31:57932>#1373492687#1#... for sfiligoi) switching to job 93.1
07/10/13 14:46:38 (pid:8565) match (slot3@rh-build-1.local <192.168.56.31:57932>#1373492687#3#... for sfiligoi) switching to job 92.3
07/10/13 14:46:38 (pid:8565) match (slot2@rh-build-1.local <192.168.56.31:57932>#1373492687#2#... for sfiligoi) switching to job 93.2
07/10/13 14:47:08 (pid:8565) match (slot1@rh-build-1.local <192.168.56.31:57932>#1373492687#1#... for sfiligoi) switching to job 93.3
07/10/13 14:47:08 (pid:8565) match (slot3@rh-build-1.local <192.168.56.31:57932>#1373492687#3#... for sfiligoi) switching to job 92.4
07/10/13 14:47:08 (pid:8565) match (slot2@rh-build-1.local <192.168.56.31:57932>#1373492687#2#... for sfiligoi) switching to job 93.4
07/10/13 14:47:38 (pid:8565) match (slot1@rh-build-1.local <192.168.56.31:57932>#1373492687#1#... for sfiligoi) out of jobs; relinquishing
07/10/13 14:47:38 (pid:8565) match (slot3@rh-build-1.local <192.168.56.31:57932>#1373492687#3#... for sfiligoi) out of jobs; relinquishing
07/10/13 14:47:38 (pid:8565) match (slot2@rh-build-1.local <192.168.56.31:57932>#1373492687#2#... for sfiligoi) out of jobs; relinquishing
07/10/13 14:48:37 (pid:8565) match (slot1@rh-build-1.local <192.168.56.31:57932>#1373492687#7#... for sfiligoi) switching to job 91.1
07/10/13 14:49:07 (pid:8565) match (slot1@rh-build-1.local <192.168.56.31:57932>#1373492687#7#... for sfiligoi) switching to job 91.2
07/10/13 14:49:37 (pid:8565) match (slot1@rh-build-1.local <192.168.56.31:57932>#1373492687#7#... for sfiligoi) switching to job 91.3
07/10/13 14:50:07 (pid:8565) match (slot1@rh-build-1.local <192.168.56.31:57932>#1373492687#7#... for sfiligoi) switching to job 91.4
07/10/13 14:50:37 (pid:8565) match (slot1@rh-build-1.local <192.168.56.31:57932>#1373492687#7#... for sfiligoi) out of jobs; relinquishing

