#
# Testing the new patch to the Schedd
#

Will test that the claims are reused only when appropriate.
Testing 
* same type
* concurrncy->no_concurrency 
* no_concurrency -> concurreny
* different concurrency

slot3 can only be used by b.condor
the other two should be properly reused

#
# Support files
#

[sfiligoi@rh-build-1 submit]$ cat a.condor 
universe=vanilla
executable=a.sh
+MyAttrA="abc"
requirements=(YourAttrA=?=UNDEFINED)||(YourAttrA=!=MyAttrA)
concurrency_limits=LT
queue 5
[sfiligoi@rh-build-1 submit]$ cat b.condor 
universe=vanilla
executable=a.sh
+MyAttrB="abc"
requirements=(SlotID==1)&&((YourAttrB=?=UNDEFINED)||(YourAttrB=!=MyAttrB))
concurrency_limits=LT:2
queue 5
[sfiligoi@rh-build-1 submit]$ cat c.condor 
universe=vanilla
executable=a.sh
+MyAttrA="abc"
requirements=(YourAttrA=?=UNDEFINED)||(YourAttrA=!=MyAttrA)
queue 5

#
# Changes to the condor_config
#
[sfiligoi@rh-build-1 local]$ tail condor_config.local 
ALL_DEBUG = D_FULLDEBUG

START = ifthenelse(SlotId==3,MyAttrB=!="xzy",True)
NUM_CPUS=3
LT_LIMIT=2
#ENABLE_EXPLICT_MATCH_REQUIREMENTS=true

#
# Actual test
# 



Both Negotaitor and Schedd enabled
==================================

[sfiligoi@rh-build-1 submit]$ condor_submit a.condor 
Submitting job(s).....
5 job(s) submitted to cluster 94.
[sfiligoi@rh-build-1 submit]$ condor_submit b.condor 
Submitting job(s).....
5 job(s) submitted to cluster 95.
[sfiligoi@rh-build-1 submit]$ condor_submit c.condor 
Submitting job(s).....
5 job(s) submitted to cluster 96.
[sfiligoi@rh-build-1 submit]$ condor_submit a.condor 
Submitting job(s).....
5 job(s) submitted to cluster 97.

[sfiligoi@rh-build-1 log]$ grep '_condor' NegotiatorLog
07/10/13 14:58:27 Renaming Requirements->_condor_match_requirements_machine
07/10/13 14:58:27 Redefining: Requirements=(MY._condor_match_requirements_claim) && (MY._condor_match_requirements_machine)
07/10/13 14:58:27 Inserting _condor_match_requirements_claim=(TARGET.Owner=?="sfiligoi") && (toLower(TARGET.ConcurrencyLimits)=?=MY.MatchedConcurrencyLimits)
07/10/13 14:58:27 Renaming Requirements->_condor_match_requirements_machine
07/10/13 14:58:27 Redefining: Requirements=(MY._condor_match_requirements_claim) && (MY._condor_match_requirements_machine)
07/10/13 14:58:27 Inserting _condor_match_requirements_claim=(TARGET.Owner=?="sfiligoi") && (toLower(TARGET.ConcurrencyLimits)=?=MY.MatchedConcurrencyLimits)
07/10/13 14:58:27 Renaming Requirements->_condor_match_requirements_machine
07/10/13 14:58:27 Redefining: Requirements=(MY._condor_match_requirements_claim) && (MY._condor_match_requirements_machine)
07/10/13 14:58:27 Inserting _condor_match_requirements_claim=(TARGET.Owner=?="sfiligoi") && (TARGET.ConcurrencyLimits=?=UNDEFINED)

[sfiligoi@rh-build-1 log]$ grep optional SchedLog
07/10/13 14:58:57 (pid:8926) Skipping ConcurrencyLimits check, Negotiator said it was optional
07/10/13 14:58:57 (pid:8926) Skipping ConcurrencyLimits check, Negotiator said it was optional
07/10/13 14:58:57 (pid:8926) Skipping ConcurrencyLimits check, Negotiator said it was optional

[sfiligoi@rh-build-1 log]$ grep "Matched " NegotiatorLog 
07/10/13 14:58:27       Matched 94.0 sfiligoi@local <192.168.56.31:60875> preempting none <192.168.56.31:38221> slot1@rh-build-1.local
07/10/13 14:58:27       Matched 94.1 sfiligoi@local <192.168.56.31:60875> preempting none <192.168.56.31:38221> slot2@rh-build-1.local
07/10/13 14:58:27       Matched 96.0 sfiligoi@local <192.168.56.31:60875> preempting none <192.168.56.31:38221> slot3@rh-build-1.local
07/10/13 15:01:27       Matched 95.0 sfiligoi@local <192.168.56.31:60875> preempting none <192.168.56.31:38221> slot1@rh-build-1.local

[sfiligoi@rh-build-1 log]$ grep slot SchedLog |grep -e switching -e relinq 
07/10/13 14:58:57 (pid:8926) match (slot3@rh-build-1.local <192.168.56.31:38221>#1373493487#3#... for sfiligoi) switching to job 96.1
07/10/13 14:58:57 (pid:8926) match (slot1@rh-build-1.local <192.168.56.31:38221>#1373493487#1#... for sfiligoi) switching to job 94.2
07/10/13 14:58:57 (pid:8926) match (slot2@rh-build-1.local <192.168.56.31:38221>#1373493487#2#... for sfiligoi) switching to job 94.3
07/10/13 14:59:27 (pid:8926) match (slot3@rh-build-1.local <192.168.56.31:38221>#1373493487#3#... for sfiligoi) switching to job 96.2
07/10/13 14:59:27 (pid:8926) match (slot1@rh-build-1.local <192.168.56.31:38221>#1373493487#1#... for sfiligoi) switching to job 94.4
07/10/13 14:59:27 (pid:8926) match (slot2@rh-build-1.local <192.168.56.31:38221>#1373493487#2#... for sfiligoi) switching to job 97.0
07/10/13 14:59:58 (pid:8926) match (slot1@rh-build-1.local <192.168.56.31:38221>#1373493487#1#... for sfiligoi) switching to job 97.1
07/10/13 14:59:58 (pid:8926) match (slot3@rh-build-1.local <192.168.56.31:38221>#1373493487#3#... for sfiligoi) switching to job 96.3
07/10/13 14:59:58 (pid:8926) match (slot2@rh-build-1.local <192.168.56.31:38221>#1373493487#2#... for sfiligoi) switching to job 97.2
07/10/13 15:00:28 (pid:8926) match (slot1@rh-build-1.local <192.168.56.31:38221>#1373493487#1#... for sfiligoi) switching to job 97.3
07/10/13 15:00:28 (pid:8926) match (slot2@rh-build-1.local <192.168.56.31:38221>#1373493487#2#... for sfiligoi) switching to job 97.4
07/10/13 15:00:28 (pid:8926) match (slot3@rh-build-1.local <192.168.56.31:38221>#1373493487#3#... for sfiligoi) switching to job 96.4
07/10/13 15:00:58 (pid:8926) match (slot1@rh-build-1.local <192.168.56.31:38221>#1373493487#1#... for sfiligoi) out of jobs; relinquishing
07/10/13 15:00:58 (pid:8926) match (slot2@rh-build-1.local <192.168.56.31:38221>#1373493487#2#... for sfiligoi) out of jobs; relinquishing
07/10/13 15:00:58 (pid:8926) match (slot3@rh-build-1.local <192.168.56.31:38221>#1373493487#3#... for sfiligoi) out of jobs; relinquishing
07/10/13 15:01:57 (pid:8926) match (slot1@rh-build-1.local <192.168.56.31:38221>#1373493487#7#... for sfiligoi) switching to job 95.1
07/10/13 15:02:28 (pid:8926) match (slot1@rh-build-1.local <192.168.56.31:38221>#1373493487#7#... for sfiligoi) switching to job 95.2
07/10/13 15:02:58 (pid:8926) match (slot1@rh-build-1.local <192.168.56.31:38221>#1373493487#7#... for sfiligoi) switching to job 95.3
07/10/13 15:03:28 (pid:8926) match (slot1@rh-build-1.local <192.168.56.31:38221>#1373493487#7#... for sfiligoi) switching to job 95.4
07/10/13 15:03:58 (pid:8926) match (slot1@rh-build-1.local <192.168.56.31:38221>#1373493487#7#... for sfiligoi) out of jobs; relinquishing

Schedd enabled only
==================
[sfiligoi@rh-build-1 submit]$ condor_submit a.condor 
Submitting job(s).....
5 job(s) submitted to cluster 98.
[sfiligoi@rh-build-1 submit]$ condor_submit b.condor 
Submitting job(s).....
5 job(s) submitted to cluster 99.
[sfiligoi@rh-build-1 submit]$ condor_submit c.condor 
Submitting job(s).....
5 job(s) submitted to cluster 100.
[sfiligoi@rh-build-1 submit]$ condor_submit a.condor 
Submitting job(s).....
5 job(s) submitted to cluster 101.


[sfiligoi@rh-build-1 log]$ grep '_condor' NegotiatorLog
<empty>

[sfiligoi@rh-build-1 log]$ grep optional SchedLog
<empty>


[sfiligoi@rh-build-1 log]$ grep "Matched " NegotiatorLog 
07/10/13 15:11:21       Matched 98.0 sfiligoi@local <192.168.56.31:37942> preempting none <192.168.56.31:36593> slot1@rh-build-1.local
07/10/13 15:11:21       Matched 98.1 sfiligoi@local <192.168.56.31:37942> preempting none <192.168.56.31:36593> slot2@rh-build-1.local
07/10/13 15:11:21       Matched 100.0 sfiligoi@local <192.168.56.31:37942> preempting none <192.168.56.31:36593> slot3@rh-build-1.local
07/10/13 15:14:21       Matched 99.0 sfiligoi@local <192.168.56.31:37942> preempting none <192.168.56.31:36593> slot1@rh-build-1.local

[sfiligoi@rh-build-1 log]$ grep slot SchedLog |grep -e switching -e relinq 
07/10/13 15:11:52 (pid:9300) match (slot2@rh-build-1.local <192.168.56.31:36593>#1373494260#2#... for sfiligoi) switching to job 98.2
07/10/13 15:11:52 (pid:9300) match (slot3@rh-build-1.local <192.168.56.31:36593>#1373494260#3#... for sfiligoi) switching to job 100.1
07/10/13 15:11:52 (pid:9300) match (slot1@rh-build-1.local <192.168.56.31:36593>#1373494260#1#... for sfiligoi) switching to job 98.3
07/10/13 15:12:22 (pid:9300) match (slot2@rh-build-1.local <192.168.56.31:36593>#1373494260#2#... for sfiligoi) switching to job 98.4
07/10/13 15:12:22 (pid:9300) match (slot3@rh-build-1.local <192.168.56.31:36593>#1373494260#3#... for sfiligoi) switching to job 100.2
07/10/13 15:12:22 (pid:9300) match (slot1@rh-build-1.local <192.168.56.31:36593>#1373494260#1#... for sfiligoi) switching to job 101.0
07/10/13 15:12:52 (pid:9300) match (slot3@rh-build-1.local <192.168.56.31:36593>#1373494260#3#... for sfiligoi) switching to job 100.3
07/10/13 15:12:52 (pid:9300) match (slot1@rh-build-1.local <192.168.56.31:36593>#1373494260#1#... for sfiligoi) switching to job 101.1
07/10/13 15:12:52 (pid:9300) match (slot2@rh-build-1.local <192.168.56.31:36593>#1373494260#2#... for sfiligoi) switching to job 101.2
07/10/13 15:13:22 (pid:9300) match (slot1@rh-build-1.local <192.168.56.31:36593>#1373494260#1#... for sfiligoi) switching to job 101.3
07/10/13 15:13:22 (pid:9300) match (slot3@rh-build-1.local <192.168.56.31:36593>#1373494260#3#... for sfiligoi) switching to job 100.4
07/10/13 15:13:22 (pid:9300) match (slot2@rh-build-1.local <192.168.56.31:36593>#1373494260#2#... for sfiligoi) switching to job 101.4
07/10/13 15:13:52 (pid:9300) match (slot3@rh-build-1.local <192.168.56.31:36593>#1373494260#3#... for sfiligoi) out of jobs; relinquishing
07/10/13 15:13:52 (pid:9300) match (slot1@rh-build-1.local <192.168.56.31:36593>#1373494260#1#... for sfiligoi) out of jobs; relinquishing
07/10/13 15:13:52 (pid:9300) match (slot2@rh-build-1.local <192.168.56.31:36593>#1373494260#2#... for sfiligoi) out of jobs; relinquishing
07/10/13 15:14:51 (pid:9300) match (slot1@rh-build-1.local <192.168.56.31:36593>#1373494260#8#... for sfiligoi) switching to job 99.1
07/10/13 15:15:21 (pid:9300) match (slot1@rh-build-1.local <192.168.56.31:36593>#1373494260#8#... for sfiligoi) switching to job 99.2
07/10/13 15:15:51 (pid:9300) match (slot1@rh-build-1.local <192.168.56.31:36593>#1373494260#8#... for sfiligoi) switching to job 99.3
07/10/13 15:16:21 (pid:9300) match (slot1@rh-build-1.local <192.168.56.31:36593>#1373494260#8#... for sfiligoi) switching to job 99.4
07/10/13 15:16:52 (pid:9300) match (slot1@rh-build-1.local <192.168.56.31:36593>#1373494260#8#... for sfiligoi) out of jobs; relinquishing

